{
  "version": "1.5.0",
  "plugins_used": [
    {
      "name": "ArtifactoryDetector"
    },
    {
      "name": "AWSKeyDetector"
    },
    {
      "name": "AzureStorageKeyDetector"
    },
    {
      "name": "Base64HighEntropyString",
      "limit": 4.5
    },
    {
      "name": "BasicAuthDetector"
    },
    {
      "name": "CloudantDetector"
    },
    {
      "name": "DiscordBotTokenDetector"
    },
    {
      "name": "GitHubTokenDetector"
    },
    {
      "name": "GitLabTokenDetector"
    },
    {
      "name": "HexHighEntropyString",
      "limit": 3.0
    },
    {
      "name": "IbmCloudIamDetector"
    },
    {
      "name": "IbmCosHmacDetector"
    },
    {
      "name": "IPPublicDetector"
    },
    {
      "name": "JwtTokenDetector"
    },
    {
      "name": "KeywordDetector",
      "keyword_exclude": ""
    },
    {
      "name": "MailchimpDetector"
    },
    {
      "name": "NpmDetector"
    },
    {
      "name": "OpenAIDetector"
    },
    {
      "name": "PrivateKeyDetector"
    },
    {
      "name": "PypiTokenDetector"
    },
    {
      "name": "SendGridDetector"
    },
    {
      "name": "SlackDetector"
    },
    {
      "name": "SoftlayerDetector"
    },
    {
      "name": "SquareOAuthDetector"
    },
    {
      "name": "StripeDetector"
    },
    {
      "name": "TelegramBotTokenDetector"
    },
    {
      "name": "TwilioKeyDetector"
    }
  ],
  "filters_used": [
    {
      "path": "detect_secrets.filters.allowlist.is_line_allowlisted"
    },
    {
      "path": "detect_secrets.filters.common.is_baseline_file",
      "filename": ".secrets.baseline"
    },
    {
      "path": "detect_secrets.filters.common.is_ignored_due_to_verification_policies",
      "min_level": 2
    },
    {
      "path": "detect_secrets.filters.heuristic.is_indirect_reference"
    },
    {
      "path": "detect_secrets.filters.heuristic.is_likely_id_string"
    },
    {
      "path": "detect_secrets.filters.heuristic.is_lock_file"
    },
    {
      "path": "detect_secrets.filters.heuristic.is_not_alphanumeric_string"
    },
    {
      "path": "detect_secrets.filters.heuristic.is_potential_uuid"
    },
    {
      "path": "detect_secrets.filters.heuristic.is_prefixed_with_dollar_sign"
    },
    {
      "path": "detect_secrets.filters.heuristic.is_sequential_string"
    },
    {
      "path": "detect_secrets.filters.heuristic.is_swagger_file"
    },
    {
      "path": "detect_secrets.filters.heuristic.is_templated_secret"
    },
    {
      "path": "detect_secrets.filters.regex.should_exclude_file",
      "pattern": [
        "\\.env$",
        "graphify-out/.*",
        "pnpm-lock\\.yaml"
      ]
    }
  ],
  "results": {
    ".claude/skills/api-test-suite-builder/references/example-test-files.md": [
      {
        "type": "Secret Keyword",
        "filename": ".claude/skills/api-test-suite-builder/references/example-test-files.md",
        "hashed_secret": "fe1bae27cb7c1fb823f496f286e78f1d2ae87734",
        "is_verified": false,
        "line_number": 312
      }
    ],
    ".claude/skills/database-schema-designer/references/full-schema-examples.md": [
      {
        "type": "Hex High Entropy String",
        "filename": ".claude/skills/database-schema-designer/references/full-schema-examples.md",
        "hashed_secret": "ef678205593788329ff416ce5c65fa04f33a05bd",
        "is_verified": false,
        "line_number": 237
      }
    ],
    ".claude/skills/performance-profiler/references/profiling-recipes.md": [
      {
        "type": "Secret Keyword",
        "filename": ".claude/skills/performance-profiler/references/profiling-recipes.md",
        "hashed_secret": "e1462916979f0206aa3ef7f57b86e6033ea3400d",
        "is_verified": false,
        "line_number": 423
      }
    ],
    ".claude/skills/playwright-pro/README.md": [
      {
        "type": "Secret Keyword",
        "filename": ".claude/skills/playwright-pro/README.md",
        "hashed_secret": "11fa7c37d697f30e6aee828b4426a10f83ab2380",
        "is_verified": false,
        "line_number": 90
      }
    ],
    ".claude/skills/playwright-pro/skills/pw/SKILL.md": [
      {
        "type": "Secret Keyword",
        "filename": ".claude/skills/playwright-pro/skills/pw/SKILL.md",
        "hashed_secret": "11fa7c37d697f30e6aee828b4426a10f83ab2380",
        "is_verified": false,
        "line_number": 105
      }
    ],
    ".claude/skills/playwright-pro/skills/pw/reference/fixtures.md": [
      {
        "type": "Secret Keyword",
        "filename": ".claude/skills/playwright-pro/skills/pw/reference/fixtures.md",
        "hashed_secret": "0c6ba03885f3aae765fbf20f07f514a44dbda30a",
        "is_verified": false,
        "line_number": 25
      }
    ],
    ".claude/skills/playwright-pro/skills/review/anti-patterns.md": [
      {
        "type": "Secret Keyword",
        "filename": ".claude/skills/playwright-pro/skills/review/anti-patterns.md",
        "hashed_secret": "0c6ba03885f3aae765fbf20f07f514a44dbda30a",
        "is_verified": false,
        "line_number": 139
      }
    ],
    ".env.example": [
      {
        "type": "Basic Auth Credentials",
        "filename": ".env.example",
        "hashed_secret": "fa9beb99e4029ad5a6615399e7bbae21356086b3",
        "is_verified": false,
        "line_number": 2
      }
    ],
    ".github/workflows/ci.yml": [
      {
        "type": "Secret Keyword",
        "filename": ".github/workflows/ci.yml",
        "hashed_secret": "a94a8fe5ccb19ba61c4c0873d391e987982fbbd3",
        "is_verified": false,
        "line_number": 44
      },
      {
        "type": "Basic Auth Credentials",
        "filename": ".github/workflows/ci.yml",
        "hashed_secret": "a94a8fe5ccb19ba61c4c0873d391e987982fbbd3",
        "is_verified": false,
        "line_number": 64
      },
      {
        "type": "Secret Keyword",
        "filename": ".github/workflows/ci.yml",
        "hashed_secret": "11e564a83a08dd31b41b4fe2060dd991b1b8a3c4",
        "is_verified": false,
        "line_number": 68
      },
      {
        "type": "Secret Keyword",
        "filename": ".github/workflows/ci.yml",
        "hashed_secret": "2753b23bf4c99546fc7d45b6f0b486e28fbc0e22",
        "is_verified": false,
        "line_number": 69
      }
    ],
    "apps/api/main.py": [
      {
        "type": "Basic Auth Credentials",
        "filename": "apps/api/main.py",
        "hashed_secret": "ece8f46bf734ca267a2b6e0f7c3b471a5c964428",
        "is_verified": false,
        "line_number": 12
      }
    ],
    "docs/MODULES.md": [
      {
        "type": "Basic Auth Credentials",
        "filename": "docs/MODULES.md",
        "hashed_secret": "a94a8fe5ccb19ba61c4c0873d391e987982fbbd3",
        "is_verified": false,
        "line_number": 380
      },
      {
        "type": "Secret Keyword",
        "filename": "docs/MODULES.md",
        "hashed_secret": "aecdccc1cf64595b34e0cc152d238daabb32183a",
        "is_verified": false,
        "line_number": 1460
      }
    ],
    "docs/api reference.md": [
      {
        "type": "Base64 High Entropy String",
        "filename": "docs/api reference.md",
        "hashed_secret": "827a72bf85811dd6c5e8ec231ccc556911c79847",
        "is_verified": false,
        "line_number": 763
      }
    ],
    "docs/trd.md": [
      {
        "type": "Basic Auth Credentials",
        "filename": "docs/trd.md",
        "hashed_secret": "ece8f46bf734ca267a2b6e0f7c3b471a5c964428",
        "is_verified": false,
        "line_number": 1483
      }
    ],
    "index.html": [
      {
        "type": "Base64 High Entropy String",
        "filename": "index.html",
        "hashed_secret": "15cec270f44d7f4f1751d3f3ba0c59de746d783e",
        "is_verified": false,
        "line_number": 12
      },
      {
        "type": "Base64 High Entropy String",
        "filename": "index.html",
        "hashed_secret": "9d4f0dbeba51b67921005512a26e5e651bedb626",
        "is_verified": false,
        "line_number": 13
      },
      {
        "type": "Base64 High Entropy String",
        "filename": "index.html",
        "hashed_secret": "eadc3f93238dda49ec69d9ffa9416a74f348d9ca",
        "is_verified": false,
        "line_number": 14
      }
    ],
    "src/pages/Auth.jsx": [
      {
        "type": "Secret Keyword",
        "filename": "src/pages/Auth.jsx",
        "hashed_secret": "a4b48a81cdab1e1a5dd37907d6c85ca1c61ddc7c",
        "is_verified": false,
        "line_number": 13
      }
    ]
  },
  "generated_at": "2026-05-24T17:32:00Z"
}
